
> variables-to-css-and-tailwind@1.0.0 build
> npx tsc code.ts --target es6 --module commonjs --outDir . --strict --lib es6 --skipLibCheck && vite build

The CJS build of Vite's Node API is deprecated. See https://vite.dev/guide/troubleshooting.html#vite-cjs-node-api-deprecated for more details.
[36mvite v5.4.21 [32mbuilding for production...[36m[39m
transforming...
[32mÔ£ô[39m 1478 modules transformed.
x Build failed in 2.51s
error during build:
[vite:load-fallback] Could not load C:\Users\maven\Documents\Iteraciones Git Figma Plugins\variables-to-css-and-tailwind\src/components/hooks/use-toast (imported by src/components/ui/toaster.tsx): ENOENT: no such file or directory, open 'C:\Users\maven\Documents\Iteraciones Git Figma Plugins\variables-to-css-and-tailwind\src\components\hooks\use-toast'
    at async open (node:internal/fs/promises:638:25)
    at async Object.readFile (node:internal/fs/promises:1242:14)
    at async Object.load (file:///C:/Users/maven/Documents/Iteraciones%20Git%20Figma%20Plugins/variables-to-css-and-tailwind/node_modules/vite/dist/node/chunks/dep-BK3b2jBa.js:65357:25)
    at async PluginDriver.hookFirstAndGetPlugin (file:///C:/Users/maven/Documents/Iteraciones%20Git%20Figma%20Plugins/variables-to-css-and-tailwind/node_modules/rollup/dist/es/shared/node-entry.js:22453:28)
    at async file:///C:/Users/maven/Documents/Iteraciones%20Git%20Figma%20Plugins/variables-to-css-and-tailwind/node_modules/rollup/dist/es/shared/node-entry.js:21445:33
    at async Queue.work (file:///C:/Users/maven/Documents/Iteraciones%20Git%20Figma%20Plugins/variables-to-css-and-tailwind/node_modules/rollup/dist/es/shared/node-entry.js:22681:32)
